08:56:09 **** Incremental Build of configuration Debug for project lab1 ****
make -j8 all 
arm-none-eabi-gcc -o "lab1.elf" @"objects.list"   -mcpu=cortex-m3 -T"D:\lab1_Image\lab1\git\lab1\STM32F103C6UX_FLASH.ld" --specs=nosys.specs -Wl,-Map="lab1.map" -Wl,--gc-sections -static --specs=nano.specs -mfloat-abi=soft -mthumb -Wl,--start-group -lc -lm -Wl,--end-group
Finished building target: lab1.elf
 
arm-none-eabi-size   lab1.elf 
arm-none-eabi-objdump -h -S  lab1.elf  > "lab1.list"
arm-none-eabi-objcopy  -O ihex  lab1.elf  "lab1.hex"
   text	   data	    bss	    dec	    hex	filename
   5208	     20	   1572	   6800	   1a90	lab1.elf
arm-none-eabi-objcopy  -O binary  lab1.elf  "lab1.bin"
Finished building: default.size.stdout
 
Finished building: lab1.hex
Finished building: lab1.bin
 
Finished building: lab1.list
 
 

08:56:09 Build Finished. 0 errors, 0 warnings. (took 416ms)

